// Jest Snapshot v1, https://goo.gl/fbAQLP

exports[`BookListPage.vue render all books 1`] = `
<div
  class="blp-view-container"
>
  <div>
    <div
      class="blp-cart-button"
    >
      <div
        class="icon-cart-32"
      />
       
      <!---->
    </div>
  </div>
   
  <div
    class="blp-catalog-wrap"
  >
    <div
      class="blp-header-container"
    >
      <h1
        class="blp-store-title"
      >
        Little Brown Book Shop
      </h1>
       
      <div
        class="blp-profile-container"
      >
        <div
          class="blp-profile-picture"
        >
          <img
            src="https://pbs.twimg.com/profile_images/1269585418107805697/6QKUkoWJ_400x400.jpg"
          />
        </div>
         
        <div
          class="blp-profile-name"
        >
          John Doe
        </div>
         
        <div
          class="blp-logout-button"
        >
          
          Logout
        
        </div>
      </div>
    </div>
     
    <div
      class="blp-tool-container"
    >
      <div
        class="blp-search-bar"
      >
        <div
          class="icon icon-search"
        />
         
        <input
          placeholder="Search.."
          type="text"
        />
      </div>
    </div>
     
    <div
      class="blp-products-container"
    >
      <div
        class="blp-products-grid"
      >
        <bookentrydisplay-stub
          book="[object Object]"
        />
        <bookentrydisplay-stub
          book="[object Object]"
        />
        <bookentrydisplay-stub
          book="[object Object]"
        />
        <bookentrydisplay-stub
          book="[object Object]"
        />
        <bookentrydisplay-stub
          book="[object Object]"
        />
      </div>
    </div>
  </div>
</div>
`;
